// Jest Snapshot v1, https://goo.gl/fbAQLP

exports[`FavouriteArticles.jsx should match component snapshot 1`] = `
ShallowWrapper {
  "complexSelector": ComplexSelector {
    "buildPredicate": [Function],
    "childrenOfNode": [Function],
    "findWhereUnwrapped": [Function],
  },
  "length": 1,
  "node": <div
    className="row"
>
    <div
        className="col-xs-6 col-sm-6 col-md-3"
    >
        <Card
            className="card"
            expandable={false}
            expanded={null}
            initiallyExpanded={false}
        >
            <CardMedia>
                <img
                    alt=""
                    src={undefined}
                />
            </CardMedia>
            <CardText>
                <h6>
                    <span>
                        ...
                        <a
                            href="http://www.bbc.co.uk/news/uk-politics-39698465"
                        >
                            more
                        </a>
                    </span>
                </h6>
                <p>
                    Author: 
                    BBC News
                </p>
            </CardText>
        </Card>
    </div>
</div>,
  "nodes": Array [
    <div
      className="row"
>
      <div
            className="col-xs-6 col-sm-6 col-md-3"
      >
            <Card
                  className="card"
                  expandable={false}
                  expanded={null}
                  initiallyExpanded={false}
            >
                  <CardMedia>
                        <img
                              alt=""
                              src={undefined}
                        />
                  </CardMedia>
                  <CardText>
                        <h6>
                              <span>
                                    ...
                                    <a
                                          href="http://www.bbc.co.uk/news/uk-politics-39698465"
                                    >
                                          more
                                    </a>
                              </span>
                        </h6>
                        <p>
                              Author: 
                              BBC News
                        </p>
                  </CardText>
            </Card>
      </div>
</div>,
  ],
  "options": Object {},
  "renderer": ReactShallowRenderer {
    "_instance": ShallowComponentWrapper {
      "_calledComponentWillUnmount": false,
      "_compositeType": 2,
      "_context": Object {},
      "_currentElement": <FavouriteArticles
        articles={
                Object {
                        "title": Object {
                          "author": "BBC News",
                          "description": "The party says it would prioritise",
                          "url": "http://www.bbc.co.uk/news/uk-politics-39698465",
                        },
                      }
        }
/>,
      "_debugID": 1,
      "_hostContainerInfo": null,
      "_hostParent": null,
      "_instance": StatelessComponent {
        "_reactInternalInstance": [Circular],
        "context": Object {},
        "props": Object {
          "articles": Object {
            "title": Object {
              "author": "BBC News",
              "description": "The party says it would prioritise",
              "url": "http://www.bbc.co.uk/news/uk-politics-39698465",
            },
          },
        },
        "refs": Object {},
        "state": null,
        "updater": Object {
          "enqueueCallback": [Function],
          "enqueueCallbackInternal": [Function],
          "enqueueElementInternal": [Function],
          "enqueueForceUpdate": [Function],
          "enqueueReplaceState": [Function],
          "enqueueSetState": [Function],
          "isMounted": [Function],
          "validateCallback": [Function],
        },
      },
      "_mountOrder": 1,
      "_pendingCallbacks": null,
      "_pendingElement": null,
      "_pendingForceUpdate": false,
      "_pendingReplaceState": false,
      "_pendingStateQueue": null,
      "_renderedComponent": NoopInternalComponent {
        "_currentElement": <div
          className="row"
>
          <div
                    className="col-xs-6 col-sm-6 col-md-3"
          >
                    <Card
                              className="card"
                              expandable={false}
                              expanded={null}
                              initiallyExpanded={false}
                    >
                              <CardMedia>
                                        <img
                                                  alt=""
                                                  src={undefined}
                                        />
                              </CardMedia>
                              <CardText>
                                        <h6>
                                                  <span>
                                                            ...
                                                            <a
                                                                      href="http://www.bbc.co.uk/news/uk-politics-39698465"
                                                            >
                                                                      more
                                                            </a>
                                                  </span>
                                        </h6>
                                        <p>
                                                  Author: 
                                                  BBC News
                                        </p>
                              </CardText>
                    </Card>
          </div>
</div>,
        "_debugID": 2,
        "_renderedOutput": <div
          className="row"
>
          <div
                    className="col-xs-6 col-sm-6 col-md-3"
          >
                    <Card
                              className="card"
                              expandable={false}
                              expanded={null}
                              initiallyExpanded={false}
                    >
                              <CardMedia>
                                        <img
                                                  alt=""
                                                  src={undefined}
                                        />
                              </CardMedia>
                              <CardText>
                                        <h6>
                                                  <span>
                                                            ...
                                                            <a
                                                                      href="http://www.bbc.co.uk/news/uk-politics-39698465"
                                                            >
                                                                      more
                                                            </a>
                                                  </span>
                                        </h6>
                                        <p>
                                                  Author: 
                                                  BBC News
                                        </p>
                              </CardText>
                    </Card>
          </div>
</div>,
      },
      "_renderedNodeType": 0,
      "_rootNodeID": 0,
      "_topLevelWrapper": null,
      "_updateBatchNumber": null,
      "_warnedAboutRefsInRender": false,
    },
    "getRenderOutput": [Function],
    "render": [Function],
  },
  "root": [Circular],
  "unrendered": <FavouriteArticles
    articles={
        Object {
            "title": Object {
              "author": "BBC News",
              "description": "The party says it would prioritise",
              "url": "http://www.bbc.co.uk/news/uk-politics-39698465",
            },
          }
    }
/>,
}
`;
