// Jest Snapshot v1, https://goo.gl/fbAQLP

exports[`FavouriteSources.jsx should match FavouriteSources component snapshot 1`] = `
ShallowWrapper {
  "complexSelector": ComplexSelector {
    "buildPredicate": [Function],
    "childrenOfNode": [Function],
    "findWhereUnwrapped": [Function],
  },
  "length": 1,
  "node": <div>
    <Card
        className="col-xs-12"
        expandable={false}
        expanded={null}
        initiallyExpanded={false}
    >
        <CardText>
            <ul>
                <li>
                    Associated Press
                    : 
                    <a
                        href="http://bigstory.ap.org"
                    >
                        http://bigstory.ap.org
                    </a>
                </li>
            </ul>
        </CardText>
    </Card>
</div>,
  "nodes": Array [
    <div>
      <Card
            className="col-xs-12"
            expandable={false}
            expanded={null}
            initiallyExpanded={false}
      >
            <CardText>
                  <ul>
                        <li>
                              Associated Press
                              : 
                              <a
                                    href="http://bigstory.ap.org"
                              >
                                    http://bigstory.ap.org
                              </a>
                        </li>
                  </ul>
            </CardText>
      </Card>
</div>,
  ],
  "options": Object {},
  "renderer": ReactShallowRenderer {
    "_instance": ShallowComponentWrapper {
      "_calledComponentWillUnmount": false,
      "_compositeType": 2,
      "_context": Object {},
      "_currentElement": <FavouriteSources
        sources={
                Object {
                        "Associated Press": "http://bigstory.ap.org",
                      }
        }
/>,
      "_debugID": 1,
      "_hostContainerInfo": null,
      "_hostParent": null,
      "_instance": StatelessComponent {
        "_reactInternalInstance": [Circular],
        "context": Object {},
        "props": Object {
          "sources": Object {
            "Associated Press": "http://bigstory.ap.org",
          },
        },
        "refs": Object {},
        "state": null,
        "updater": Object {
          "enqueueCallback": [Function],
          "enqueueCallbackInternal": [Function],
          "enqueueElementInternal": [Function],
          "enqueueForceUpdate": [Function],
          "enqueueReplaceState": [Function],
          "enqueueSetState": [Function],
          "isMounted": [Function],
          "validateCallback": [Function],
        },
      },
      "_mountOrder": 1,
      "_pendingCallbacks": null,
      "_pendingElement": null,
      "_pendingForceUpdate": false,
      "_pendingReplaceState": false,
      "_pendingStateQueue": null,
      "_renderedComponent": NoopInternalComponent {
        "_currentElement": <div>
          <Card
                    className="col-xs-12"
                    expandable={false}
                    expanded={null}
                    initiallyExpanded={false}
          >
                    <CardText>
                              <ul>
                                        <li>
                                                  Associated Press
                                                  : 
                                                  <a
                                                            href="http://bigstory.ap.org"
                                                  >
                                                            http://bigstory.ap.org
                                                  </a>
                                        </li>
                              </ul>
                    </CardText>
          </Card>
</div>,
        "_debugID": 2,
        "_renderedOutput": <div>
          <Card
                    className="col-xs-12"
                    expandable={false}
                    expanded={null}
                    initiallyExpanded={false}
          >
                    <CardText>
                              <ul>
                                        <li>
                                                  Associated Press
                                                  : 
                                                  <a
                                                            href="http://bigstory.ap.org"
                                                  >
                                                            http://bigstory.ap.org
                                                  </a>
                                        </li>
                              </ul>
                    </CardText>
          </Card>
</div>,
      },
      "_renderedNodeType": 0,
      "_rootNodeID": 0,
      "_topLevelWrapper": null,
      "_updateBatchNumber": null,
      "_warnedAboutRefsInRender": false,
    },
    "getRenderOutput": [Function],
    "render": [Function],
  },
  "root": [Circular],
  "unrendered": <FavouriteSources
    sources={
        Object {
            "Associated Press": "http://bigstory.ap.org",
          }
    }
/>,
}
`;
