// Jest Snapshot v1, https://goo.gl/fbAQLP

exports[`HeadlineCard Component should render a HeadlineCard for a headline 1`] = `
ShallowWrapper {
  "complexSelector": ComplexSelector {
    "buildPredicate": [Function],
    "childrenOfNode": [Function],
    "findWhereUnwrapped": [Function],
  },
  "length": 1,
  "node": <Card
    className="col-xs-6 col-sm-6 col-md-4 card withImage"
    expandable={false}
    expanded={null}
    initiallyExpanded={false}
>
    <CardHeader
        avatar={null}
        title="Testing headline card"
    />
    <CardMedia>
        <img
            src="https://dummyimage.com/600x400/000000/0011ff"
        />
    </CardMedia>
    <CardText
        className="cardDescription"
    >
        <span>
            some description
        </span>
        <span
            className="readMore"
        >
            <RaisedButton
                disabled={false}
                fullWidth={false}
                href="http://www.aljazeera.com"
                label="Read more"
                labelPosition="after"
                primary={false}
                secondary={true}
                target="_blank"
            />
        </span>
    </CardText>
    <CardActions
        className="cardActions"
    >
        <IconButton
            disableTouchRipple={false}
            disabled={false}
            iconStyle={Object {}}
            onClick={[Function]}
            tooltip="add to archive"
            tooltipPosition="top-right"
            touch={true}
        >
            <ActionFavoriteBorder />
        </IconButton>
        &gt;
    </CardActions>
</Card>,
  "nodes": Array [
    <Card
      className="col-xs-6 col-sm-6 col-md-4 card withImage"
      expandable={false}
      expanded={null}
      initiallyExpanded={false}
>
      <CardHeader
            avatar={null}
            title="Testing headline card"
      />
      <CardMedia>
            <img
                  src="https://dummyimage.com/600x400/000000/0011ff"
            />
      </CardMedia>
      <CardText
            className="cardDescription"
      >
            <span>
                  some description
            </span>
            <span
                  className="readMore"
            >
                  <RaisedButton
                        disabled={false}
                        fullWidth={false}
                        href="http://www.aljazeera.com"
                        label="Read more"
                        labelPosition="after"
                        primary={false}
                        secondary={true}
                        target="_blank"
                  />
            </span>
      </CardText>
      <CardActions
            className="cardActions"
      >
            <IconButton
                  disableTouchRipple={false}
                  disabled={false}
                  iconStyle={Object {}}
                  onClick={[Function]}
                  tooltip="add to archive"
                  tooltipPosition="top-right"
                  touch={true}
            >
                  <ActionFavoriteBorder />
            </IconButton>
            &gt;
      </CardActions>
</Card>,
  ],
  "options": Object {},
  "renderer": ReactShallowRenderer {
    "_instance": ShallowComponentWrapper {
      "_calledComponentWillUnmount": false,
      "_compositeType": 0,
      "_context": Object {},
      "_currentElement": <HeadlineCard
        googleId={null}
        headline={
                Object {
                        "description": "some description",
                        "title": "Testing headline card",
                        "url": "http://www.aljazeera.com",
                        "urlToImage": "https://dummyimage.com/600x400/000000/0011ff",
                      }
        }
/>,
      "_debugID": 1,
      "_hostContainerInfo": null,
      "_hostParent": null,
      "_instance": HeadlineCard {
        "_reactInternalInstance": [Circular],
        "addToArchive": [Function],
        "context": Object {},
        "props": Object {
          "googleId": null,
          "headline": Object {
            "description": "some description",
            "title": "Testing headline card",
            "url": "http://www.aljazeera.com",
            "urlToImage": "https://dummyimage.com/600x400/000000/0011ff",
          },
        },
        "refs": Object {},
        "state": Object {
          "favIcon": <ActionFavoriteBorder />,
          "tooltip": "add to archive",
          "value": Object {
            "description": "some description",
            "title": "Testing headline card",
            "url": "http://www.aljazeera.com",
            "urlToImage": "https://dummyimage.com/600x400/000000/0011ff",
          },
        },
        "updater": Object {
          "enqueueCallback": [Function],
          "enqueueCallbackInternal": [Function],
          "enqueueElementInternal": [Function],
          "enqueueForceUpdate": [Function],
          "enqueueReplaceState": [Function],
          "enqueueSetState": [Function],
          "isMounted": [Function],
          "validateCallback": [Function],
        },
      },
      "_mountOrder": 1,
      "_pendingCallbacks": null,
      "_pendingElement": null,
      "_pendingForceUpdate": false,
      "_pendingReplaceState": false,
      "_pendingStateQueue": null,
      "_renderedComponent": NoopInternalComponent {
        "_currentElement": <Card
          className="col-xs-6 col-sm-6 col-md-4 card withImage"
          expandable={false}
          expanded={null}
          initiallyExpanded={false}
>
          <CardHeader
                    avatar={null}
                    title="Testing headline card"
          />
          <CardMedia>
                    <img
                              src="https://dummyimage.com/600x400/000000/0011ff"
                    />
          </CardMedia>
          <CardText
                    className="cardDescription"
          >
                    <span>
                              some description
                    </span>
                    <span
                              className="readMore"
                    >
                              <RaisedButton
                                        disabled={false}
                                        fullWidth={false}
                                        href="http://www.aljazeera.com"
                                        label="Read more"
                                        labelPosition="after"
                                        primary={false}
                                        secondary={true}
                                        target="_blank"
                              />
                    </span>
          </CardText>
          <CardActions
                    className="cardActions"
          >
                    <IconButton
                              disableTouchRipple={false}
                              disabled={false}
                              iconStyle={Object {}}
                              onClick={[Function]}
                              tooltip="add to archive"
                              tooltipPosition="top-right"
                              touch={true}
                    >
                              <ActionFavoriteBorder />
                    </IconButton>
                    &gt;
          </CardActions>
</Card>,
        "_debugID": 2,
        "_renderedOutput": <Card
          className="col-xs-6 col-sm-6 col-md-4 card withImage"
          expandable={false}
          expanded={null}
          initiallyExpanded={false}
>
          <CardHeader
                    avatar={null}
                    title="Testing headline card"
          />
          <CardMedia>
                    <img
                              src="https://dummyimage.com/600x400/000000/0011ff"
                    />
          </CardMedia>
          <CardText
                    className="cardDescription"
          >
                    <span>
                              some description
                    </span>
                    <span
                              className="readMore"
                    >
                              <RaisedButton
                                        disabled={false}
                                        fullWidth={false}
                                        href="http://www.aljazeera.com"
                                        label="Read more"
                                        labelPosition="after"
                                        primary={false}
                                        secondary={true}
                                        target="_blank"
                              />
                    </span>
          </CardText>
          <CardActions
                    className="cardActions"
          >
                    <IconButton
                              disableTouchRipple={false}
                              disabled={false}
                              iconStyle={Object {}}
                              onClick={[Function]}
                              tooltip="add to archive"
                              tooltipPosition="top-right"
                              touch={true}
                    >
                              <ActionFavoriteBorder />
                    </IconButton>
                    &gt;
          </CardActions>
</Card>,
      },
      "_renderedNodeType": 1,
      "_rootNodeID": 0,
      "_topLevelWrapper": null,
      "_updateBatchNumber": null,
      "_warnedAboutRefsInRender": false,
    },
    "getRenderOutput": [Function],
    "render": [Function],
  },
  "root": [Circular],
  "unrendered": <HeadlineCard
    googleId={null}
    headline={
        Object {
            "description": "some description",
            "title": "Testing headline card",
            "url": "http://www.aljazeera.com",
            "urlToImage": "https://dummyimage.com/600x400/000000/0011ff",
          }
    }
/>,
}
`;
