// Jest Snapshot v1, https://goo.gl/fbAQLP

exports[`HomeTabs Component should render hometabs 1`] = `
ShallowWrapper {
  "complexSelector": ComplexSelector {
    "buildPredicate": [Function],
    "childrenOfNode": [Function],
    "findWhereUnwrapped": [Function],
  },
  "length": 1,
  "node": <Tabs
    initialSelectedIndex={0}
    onChange={[Function]}
>
    <Tab
        data-route="#/sources"
        icon={<SocialPublic />}
        label="sources"
        onActive={[Function]}
    />
    <Tab
        data-route="#/favourites"
        icon={<ActionFavoriteBorder />}
        label="Favorites"
        onActive={[Function]}
    />
</Tabs>,
  "nodes": Array [
    <Tabs
      initialSelectedIndex={0}
      onChange={[Function]}
>
      <Tab
            data-route="#/sources"
            icon={<SocialPublic />}
            label="sources"
            onActive={[Function]}
      />
      <Tab
            data-route="#/favourites"
            icon={<ActionFavoriteBorder />}
            label="Favorites"
            onActive={[Function]}
      />
</Tabs>,
  ],
  "options": Object {},
  "renderer": ReactShallowRenderer {
    "_instance": ShallowComponentWrapper {
      "_calledComponentWillUnmount": false,
      "_compositeType": 2,
      "_context": Object {},
      "_currentElement": <HomeTabs />,
      "_debugID": 1,
      "_hostContainerInfo": null,
      "_hostParent": null,
      "_instance": StatelessComponent {
        "_reactInternalInstance": [Circular],
        "context": Object {},
        "props": Object {},
        "refs": Object {},
        "state": null,
        "updater": Object {
          "enqueueCallback": [Function],
          "enqueueCallbackInternal": [Function],
          "enqueueElementInternal": [Function],
          "enqueueForceUpdate": [Function],
          "enqueueReplaceState": [Function],
          "enqueueSetState": [Function],
          "isMounted": [Function],
          "validateCallback": [Function],
        },
      },
      "_mountOrder": 1,
      "_pendingCallbacks": null,
      "_pendingElement": null,
      "_pendingForceUpdate": false,
      "_pendingReplaceState": false,
      "_pendingStateQueue": null,
      "_renderedComponent": NoopInternalComponent {
        "_currentElement": <Tabs
          initialSelectedIndex={0}
          onChange={[Function]}
>
          <Tab
                    data-route="#/sources"
                    icon={<SocialPublic />}
                    label="sources"
                    onActive={[Function]}
          />
          <Tab
                    data-route="#/favourites"
                    icon={<ActionFavoriteBorder />}
                    label="Favorites"
                    onActive={[Function]}
          />
</Tabs>,
        "_debugID": 2,
        "_renderedOutput": <Tabs
          initialSelectedIndex={0}
          onChange={[Function]}
>
          <Tab
                    data-route="#/sources"
                    icon={<SocialPublic />}
                    label="sources"
                    onActive={[Function]}
          />
          <Tab
                    data-route="#/favourites"
                    icon={<ActionFavoriteBorder />}
                    label="Favorites"
                    onActive={[Function]}
          />
</Tabs>,
      },
      "_renderedNodeType": 1,
      "_rootNodeID": 0,
      "_topLevelWrapper": null,
      "_updateBatchNumber": null,
      "_warnedAboutRefsInRender": false,
    },
    "getRenderOutput": [Function],
    "render": [Function],
  },
  "root": [Circular],
  "unrendered": <HomeTabs />,
}
`;
